### Format is TAB (\t, 0x09) separated columns:
###  * register (dec or hex)
###     * for example '123' (dec) or '0x123' (hex)
###  * name
###     * if blank the line will be ignore so Wireshark shows 'Unknown'
###
### Comments ('#') are stripped out
### Leading and trailing whitespace is stripped out

0x001e							# "\x40\x00\x02"

## System Table

0x6c31	Firmware Version				# "\x75\x02\x02" = 750202
0x6c32	Firmware Date (DDMMYY)				# "\x09\x07\x18" = 090718 (might be US format!)
0x6c33	Firmware Time (HHMMSS)",			# "\x17\x30\x44" = 173044
0x6c34							# "\x80\x15\x68"
0x6c35							# "\x00\x03\x29"
0x6c36							# "\x47\x41\x54"
0x6f00	Bootcode Version				# "\xff\x00\x03" = ff0003
0x6f2f	Electrical Length				# "\x00\x00\xb9" = 185m
0x7d90	Carrier Set					# "\x00\x00\x03" = 3
0x7eac	VCXO (Voltage Controlled Crystal Oscillator?)	# "\x4c\xa0\0" = 0x4ca000

## Far End
0x79ce	Inventory Version [0:2]				# "12"
0x79cf	Inventory Version [3:5]				# ".00"
0x79d0	Inventory Version [6:8]				# ".28"
0x79d1	Inventory Version [9:11]			# "   "
0x79d2	Inventory Version [12:14]			# "   "
0x79d3	Inventory Version [15:17]			# "\0\0\0"
0x7d98	Peer Vendor ID [2,0,1]				# "CBD"
0x7d99	Peer Vendor ID (and SpecInfo) [SI1,SI0,3]	# "\xC1\xC0" .. "M"
0x7d99	Peer Vendor Specific Information [1,0,_]	# "\xC1\xC0" .. "M"
0x7ea4	MAC Address [0:2]				# "\0\0\0"
0x7ea5	MAC Address [3:5]				# "\0\0\0"
0x7ea6	MAC Address [6:8]				# "\0\0\0"
0x7ea7	MAC Address [9:11]				# "\0\0\0"

## Near End
0x79e4	Peer Vendor ID [_,_,0]				# "\0\0M",
0x79e5	Peer Vendor ID [1:3]				# "ETA",
0x79ea	Inventory Version [0:2]				# "1_6"
0x79eb	Inventory Version [3:5]				# "0_8"
0x79ec	Inventory Version [6:8]				# "255"
0x79ed	Inventory Version [9:11]			# " MT"
0x79ee	Inventory Version [12:14]			# "531"
0x79ef	Inventory Version [15:17]			# "1\0\0"
